[2026-08-07 22:15:55] === daily refresh starting ===
[2026-08-07 22:15:55] running pipeline: /opt/miniconda3/bin/python3.13 ma_news_digest.py
Fetching Google News searches...
  "agreed to acquire": 20
  "agrees to acquire": 4
  "to be acquired by": 12
  "completes acquisition of": 9
  "definitive agreement to acquire": 9
  "agreement and plan of merger": 1
  "subject to customary closing conditions": 4
  "merger agreement": 3
  "takeover bid": 17
  "private equity buyout": 1
  "to take private": 0
Fetching curated RSS feeds...
  https://corpgov.law.harvard.edu/category/mergers-a...: 0
  https://feed.businesswire.com/rss/home/?rss=G1QFDE...: 0
Fetching SEC EDGAR filings...
  "agreement and plan of merger" (8-K): 11
  merger (DEFM14A): 1

Total raw items: 92
After dedup: 84
Running AI enrichment...
After entity dedup: 35
Deal log: 35 new rows appended to deal_log.csv (547 total).
Generating key insight...
  Insight: Nielsen's $2.15B acquisition of DoubleVerify is the sharpest signal yet that leg…

Wrote 35 items to ma_digest.md
Wrote HTML dashboard to /Users/jackraup/Downloads/M&AFiles/index.html
[2026-08-07 22:16:59] pipeline succeeded
